{
 "implementation_check": {
  "PHM08": true,
  "FD001": true,
  "FD002": true,
  "FD003": true,
  "FD004": true,
  "NCMAPSS": true,
  "BATTERY": true
 },
 "H11": {
  "supported": true,
  "smallest_adjusted_p": 0.43257501305130336
 },
 "H12": {
  "significant_datasets_per_learner": {
   "RF": 7,
   "RIDGE": 7,
   "WMLP": 5
  },
  "supported": true
 },
 "H13": {
  "supported": true,
  "pooled_rate_range": [
   0.08703220191470844,
   0.11053089643167972
  ],
  "smallest_adjusted_p": 1.0,
  "notice_engines_range": [
   17.4150390625,
   18.11219512195122
  ],
  "notice_battery_range": [
   41.16393442622951,
   48.19834710743802
  ]
 }
}
dataset               BATTERY  FD001  FD002  FD003  FD004  NCMAPSS  PHM08
learner policy                                                           
GBM     CNA_a0.10       0.122   0.07  0.077   0.14  0.124    0.111  0.083
        LBall_a0.10     0.780   0.33  0.354   0.44  0.546    0.192  0.477
        LBnear_a0.10    0.081   0.07  0.031   0.07  0.116    0.152  0.096
RF      CNA_a0.10       0.089   0.05  0.077   0.17  0.092    0.071  0.110
        LBall_a0.10     0.699   0.41  0.408   0.56  0.558    0.202  0.491
        LBnear_a0.10    0.098   0.07  0.073   0.12  0.137    0.162  0.170
RIDGE   CNA_a0.10       0.098   0.08  0.073   0.09  0.088    0.101  0.128
        LBall_a0.10     0.707   0.50  0.469   0.52  0.614    0.263  0.546
        LBnear_a0.10    0.171   0.29  0.246   0.24  0.285    0.232  0.330
WMLP    CNA_a0.10       0.114   0.04  0.069   0.08  0.120    0.101  0.138
        LBall_a0.10     0.285   0.13  0.246   0.24  0.382    0.061  0.330
        LBnear_a0.10    0.122   0.04  0.023   0.07  0.104    0.061  0.096
 cap  span  k  rate  p_holm  notice_mean_engines  notice_mean_battery
 low     1  1 0.090     1.0               17.602               41.789
 low     1  2 0.090     1.0               17.774               42.301
 low     1  3 0.096     1.0               17.851               42.715
 low     3  1 0.087     1.0               17.658               41.642
 low     3  2 0.088     1.0               17.779               42.276
 low     3  3 0.093     1.0               17.718               43.667
 low     5  1 0.091     1.0               17.688               41.691
 low     5  2 0.088     1.0               17.766               43.081
 low     5  3 0.094     1.0               17.711               43.984
 mid     1  1 0.094     1.0               17.596               41.164
 mid     1  2 0.104     1.0               17.736               43.475
 mid     1  3 0.094     1.0               17.879               43.770
 mid     3  1 0.093     1.0               17.601               43.131
 mid     3  2 0.101     1.0               17.768               43.992
 mid     3  3 0.104     1.0               17.908               45.516
 mid     5  1 0.097     1.0               17.548               43.943
 mid     5  2 0.099     1.0               17.761               45.148
 mid     5  3 0.100     1.0               17.878               46.279
high     1  1 0.102     1.0               17.572               44.689
high     1  2 0.100     1.0               17.816               45.574
high     1  3 0.099     1.0               17.761               47.025
high     3  1 0.106     1.0               17.503               44.959
high     3  2 0.105     1.0               17.776               46.438
high     3  3 0.098     1.0               17.971               47.826
high     5  1 0.111     1.0               17.415               45.795
high     5  2 0.106     1.0               17.735               47.380
high     5  3 0.092     1.0               18.112               48.198
