## validity

| Dataset | Test units | ℓ | CNA α=0.10, rep 0: failures (rate; 95% CI) | CNA 0.05 | CNA 0.10 | CNA 0.20 | CNA-DA | LB-all 0.10 | LB-near 0.10 | Notice, CNA 0.10 (median) | Notice, LB-all 0.10 |
|---|---|---|---|---|---|---|---|---|---|---|---|
| PHM08 | 218 | 10 | 18 (0.083; 0.050–0.127) | 0.034 | 0.086 | 0.177 | 0.009 | 0.446 | 0.080 | 16 | 11 |
| FD001 | 100 | 10 | 7 (0.070; 0.029–0.139) | 0.013 | 0.060 | 0.143 | 0.013 | 0.333 | 0.043 | 17 | 12 |
| FD002 | 260 | 10 | 20 (0.077; 0.048–0.116) | 0.042 | 0.088 | 0.191 | 0.008 | 0.381 | 0.040 | 15 | 12 |
| FD003 | 100 | 10 | 14 (0.140; 0.079–0.224) | 0.027 | 0.117 | 0.197 | 0.027 | 0.480 | 0.063 | 16 | 11 |
| FD004 | 249 | 10 | 31 (0.124; 0.086–0.172) | 0.051 | 0.104 | 0.206 | 0.011 | 0.466 | 0.086 | 16 | 11 |
| N-CMAPSS | 99 | 10 | 11 (0.111; 0.057–0.190) | 0.037 | 0.111 | 0.178 | 0.057 | 0.182 | 0.152 | 23 | 19 |
| Battery | 123 | 30 | 15 (0.122; 0.070–0.193) | 0.033 | 0.106 | 0.198 | 0.011 | 0.696 | 0.070 | 43 | 28 |

## equivalence

| Dataset | n | Estimate (%) | Constant (%) | Discordant (est./const.) | Difference, 90% CI (points) | TOST p (±5) | Equivalent | SD of estimate / notice at alarm | Thm 1 bound / discordance (points) | Lemma (iii) holds |
|---|---|---|---|---|---|---|---|---|---|---|
| PHM08 | 218 | 87.6 | 94.0 | 4/18 | -6.4 (-10.3, -3.1) | 0.756 | no | 2.6 / 4.9 | 15.9 / 10.1 | 100% |
| FD001 | 100 | 86.0 | 85.0 | 6/5 | +1.0 (-4.9, +7.0) | 0.126 | no | 3.0 / 5.3 | 19.1 / 11.0 | 100% |
| FD002 | 260 | 90.4 | 91.9 | 7/11 | -1.5 (-4.5, +1.2) | 0.028 | yes | 2.4 / 5.2 | 13.6 / 6.9 | 100% |
| FD003 | 100 | 84.0 | 86.0 | 6/8 | -2.0 (-8.6, +4.5) | 0.216 | no | 2.9 / 5.3 | 13.6 / 14.0 | 100% |
| FD004 | 249 | 79.1 | 85.1 | 6/21 | -6.0 (-9.7, -2.7) | 0.694 | no | 2.3 / 18.0 | 15.2 / 10.8 | 100% |
| N-CMAPSS | 99 | 52.5 | 56.6 | 13/17 | -4.0 (-13.3, +5.2) | 0.431 | no | 3.2 / 11.0 | 28.1 / 30.3 | 100% |
| N-CMAPSS (held-out group) | 99 | 55.6 | 53.5 | 6/4 | +2.0 (-3.6, +7.9) | 0.186 | no | 2.8 / 9.8 | 18.0 / 10.1 | 100% |
| Battery | 123 | 95.1 | 85.4 | 13/1 | +9.8 (+5.4, +15.3) | 0.964 | no | 6.3 / 12.9 | 8.9 / 11.4 | 100% |
| Battery (held-out group) | 123 | 54.5 | 53.7 | 7/6 | +0.8 (-4.3, +6.0) | 0.089 | no | 7.3 / 24.4 | 7.1 / 10.6 | 100% |

## cost

| CNA-DA vs | PHM08 | FD001 | FD002 | FD003 | FD004 | N-CMAPSS | Battery | N-CMAPSS LOGO | Battery LOGO |
|---|---|---|---|---|---|---|---|---|---|
| Age replacement | 15/0 (0.61) | 6/0 (0.86) | 12/0 (0.69) | 5/0 (0.82) | 12/0 (0.63) | 0/0 (1.17) | 16/0 (0.51) | 2/0 (1.03) | 15/0 (0.57) |
| STW, window-tuned | 4/0 (0.99) | 0/0 (1.12) | 4/0 (1.04) | 0/3 (1.15) | 0/1 (1.03) | 0/2 (1.10) | 0/4 (1.00) | 2/4 (1.09) | 0/16 (2.58) |
| STW, cost-tuned (plain) | 12/0 (0.87) | 4/0 (0.88) | 0/0 (0.97) | 0/0 (0.87) | 7/0 (0.83) | 3/0 (0.91) | 0/0 (0.87) | 7/1 (0.91) | 8/0 (0.90) |
| STW, cost-tuned (1-SE) | 4/0 (1.00) | 0/8 (1.37) | 1/5 (1.04) | 0/11 (1.45) | 0/4 (1.13) | 1/0 (1.06) | 0/0 (1.10) | 0/5 (1.02) | 0/16 (4.17) |
| Kamariotis P1, p = 1/ρ | 12/0 (0.62) | 7/0 (0.79) | 13/0 (0.69) | 9/2 (0.69) | 13/0 (0.64) | 12/1 (0.67) | 6/4 (0.80) | 14/0 (0.56) | 7/8 (1.12) |
| Kamariotis P1, optimised | 8/0 (0.99) | 8/0 (1.00) | 8/3 (1.00) | 0/4 (1.15) | 3/1 (1.03) | 0/3 (1.12) | 8/0 (0.99) | 1/0 (1.06) | 0/16 (2.41) |
| LB-near alarm (α = 0.10) | 16/0 (0.47) | 4/0 (0.84) | 11/0 (0.81) | 0/0 (0.88) | 16/0 (0.58) | 13/0 (0.63) | 11/0 (0.71) | 13/1 (0.53) | 8/4 (0.92) |
| Capacity trend, window-tuned | – | – | – | – | – | – | 0/12 (1.17) | – | 0/16 (5.48) |
| Capacity trend, 1-SE | – | – | – | – | – | – | 0/4 (1.15) | – | 0/16 (5.41) |
| CNA-DA on the capacity trend | – | – | – | – | – | – | 0/0 (1.03) | – | 0/16 (3.76) |
| Mean excess over cheapest: CNA-DA | 9% | 63% | 12% | 84% | 16% | 41% | 30% | 33% | 708% |
| … STW 1-SE | 1% | 0% | 3% | 5% | 0% | 41% | 6% | 35% | 53% |
| … Kamariotis P1 opt. | 4% | 51% | 7% | 42% | 13% | 8% | 27% | 22% | 188% |
| … STW window-tuned | 2% | 35% | 3% | 38% | 11% | 22% | 30% | 13% | 214% |

## transfer

| Held-out group | Units | CNA 0.10, other groups | CNA-DA | Pilot m=10, α=0.10 | Pilot m=5, α=0.20 | STW window | STW 1-SE | Kamariotis P1 opt. | Trend 1-SE | CNA 0.10 on trend |
|---|---|---|---|---|---|---|---|---|---|---|
| Battery batch 1 | 36 | 0.00 | 0.00 | 0.095 | 0.167 | 0.00 | 0.00 | 0.00 | 0.00 | 0.00 |
| Battery batch 2 | 43 | 0.74 | 0.45 | 0.094 | 0.165 | 0.35 | 0.00 | 0.12 | 0.00 | 0.56 |
| Battery batch 3 | 44 | 0.61 | 0.36 | 0.084 | 0.167 | 0.06 | 0.02 | 0.17 | 0.00 | 0.02 |
| N-CMAPSS subset 1 | 10 | 0.00 | 0.00 | – | 0.171 | 0.00 | 0.00 | 0.00 | – | – |
| N-CMAPSS subset 2 | 9 | 0.00 | 0.00 | – | 0.170 | 0.00 | 0.00 | 0.00 | – | – |
| N-CMAPSS subset 3 | 15 | 0.02 | 0.00 | – | 0.171 | 0.02 | 0.00 | 0.00 | – | – |
| N-CMAPSS subset 4 | 10 | 0.33 | 0.10 | – | 0.165 | 0.07 | 0.10 | 0.07 | – | – |
| N-CMAPSS subset 5 | 10 | 0.00 | 0.00 | – | 0.177 | 0.00 | 0.00 | 0.00 | – | – |
| N-CMAPSS subset 6 | 10 | 0.00 | 0.00 | – | 0.165 | 0.00 | 0.00 | 0.00 | – | – |
| N-CMAPSS subset 7 | 10 | 0.00 | 0.00 | – | 0.169 | 0.00 | 0.00 | 0.00 | – | – |
| N-CMAPSS subset 8 | 15 | 0.29 | 0.18 | – | 0.169 | 0.11 | 0.18 | 0.11 | – | – |
| N-CMAPSS subset 9 | 10 | 0.40 | 0.07 | – | 0.169 | 0.10 | 0.13 | 0.03 | – | – |


