  cv1 rep 0: fit 47 cal 32 test 20; window cap 60.0 span 1 k 5 shift -3.0; const 8.0 (14s)
  cv2 rep 0: fit 47 cal 32 test 20; window cap 60.0 span 1 k 2 shift -7.0; const 18.0 (16s)
  cv3 rep 0: fit 47 cal 32 test 20; window cap 40.0 span 1 k 5 shift -2.5; const 12.0 (15s)
  cv4 rep 0: fit 47 cal 32 test 20; window cap 60.0 span 1 k 5 shift -9.0; const 11.0 (17s)
  cv5 rep 0: fit 48 cal 32 test 19; window cap 40.0 span 1 k 3 shift -4.0; const 9.0 (15s)
  g0 rep 0: fit 53 cal 36 test 10; window cap 60.0 span 1 k 5 shift -1.0; const 13.0 (14s)
  g1 rep 0: fit 54 cal 36 test 9; window cap 90.0 span 1 k 3 shift -10.5; const 16.0 (13s)
  g2 rep 0: fit 50 cal 34 test 15; window cap 40.0 span 1 k 5 shift -7.5; const 14.0 (15s)
  g3 rep 0: fit 53 cal 36 test 10; window cap 60.0 span 1 k 5 shift -2.5; const 8.0 (14s)
  g4 rep 0: fit 53 cal 36 test 10; window cap 90.0 span 1 k 5 shift -4.5; const 14.0 (16s)
  g5 rep 0: fit 53 cal 36 test 10; window cap 40.0 span 1 k 5 shift -6.5; const 11.0 (14s)
  g6 rep 0: fit 53 cal 36 test 10; window cap 40.0 span 1 k 5 shift -4.0; const 13.0 (14s)
  g7 rep 0: fit 50 cal 34 test 15; window cap 40.0 span 1 k 5 shift -2.0; const 15.0 (17s)
  g8 rep 0: fit 53 cal 36 test 10; window cap 40.0 span 1 k 5 shift -1.0; const 13.0 (17s)
  cv1 rep 1: fit 47 cal 32 test 20; window cap 90.0 span 1 k 2 shift +0.5; const 16.0 (18s)
  cv2 rep 1: fit 47 cal 32 test 20; window cap 60.0 span 3 k 5 shift -9.5; const 17.0 (13s)
  cv3 rep 1: fit 47 cal 32 test 20; window cap 40.0 span 1 k 5 shift -2.0; const 10.0 (16s)
  cv4 rep 1: fit 47 cal 32 test 20; window cap 40.0 span 1 k 1 shift -9.5; const 20.0 (14s)
  cv5 rep 1: fit 48 cal 32 test 19; window cap 60.0 span 1 k 5 shift -1.5; const 11.0 (14s)
  g0 rep 1: fit 53 cal 36 test 10; window cap 60.0 span 1 k 5 shift -6.0; const 14.0 (15s)
  g1 rep 1: fit 54 cal 36 test 9; window cap 60.0 span 1 k 5 shift +0.5; const 12.0 (15s)
  g2 rep 1: fit 50 cal 34 test 15; window cap 40.0 span 1 k 5 shift -3.0; const 15.0 (16s)
  g3 rep 1: fit 53 cal 36 test 10; window cap 60.0 span 1 k 5 shift -3.0; const 8.0 (15s)
  g4 rep 1: fit 53 cal 36 test 10; window cap 40.0 span 1 k 5 shift -2.5; const 9.0 (14s)
  g5 rep 1: fit 53 cal 36 test 10; window cap 40.0 span 3 k 5 shift -2.0; const 12.0 (14s)
  g6 rep 1: fit 53 cal 36 test 10; window cap 60.0 span 1 k 5 shift +0.0; const 15.0 (15s)
  g7 rep 1: fit 50 cal 34 test 15; window cap 60.0 span 1 k 5 shift -1.0; const 11.0 (15s)
  g8 rep 1: fit 53 cal 36 test 10; window cap 40.0 span 1 k 5 shift -2.5; const 12.0 (14s)
  cv1 rep 2: fit 47 cal 32 test 20; window cap 40.0 span 1 k 5 shift -5.0; const 15.0 (13s)
  cv2 rep 2: fit 47 cal 32 test 20; window cap 40.0 span 1 k 1 shift -0.5; const 17.0 (14s)
  cv3 rep 2: fit 47 cal 32 test 20; window cap 60.0 span 3 k 5 shift -8.5; const 15.0 (14s)
  cv4 rep 2: fit 47 cal 32 test 20; window cap 60.0 span 1 k 3 shift -0.5; const 11.0 (14s)
  cv5 rep 2: fit 48 cal 32 test 19; window cap 40.0 span 1 k 5 shift -1.5; const 9.0 (13s)
  g0 rep 2: fit 53 cal 36 test 10; window cap 40.0 span 3 k 5 shift -6.0; const 14.0 (16s)
  g1 rep 2: fit 54 cal 36 test 9; window cap 40.0 span 1 k 5 shift -5.0; const 8.0 (15s)
  g2 rep 2: fit 50 cal 34 test 15; window cap 60.0 span 1 k 3 shift -1.5; const 18.0 (14s)
  g3 rep 2: fit 53 cal 36 test 10; window cap 60.0 span 1 k 5 shift -4.0; const 8.0 (22s)
  g4 rep 2: fit 53 cal 36 test 10; window cap 60.0 span 1 k 3 shift -2.5; const 17.0 (22s)
  g5 rep 2: fit 53 cal 36 test 10; window cap 60.0 span 1 k 5 shift -8.5; const 15.0 (15s)
  g6 rep 2: fit 53 cal 36 test 10; window cap 40.0 span 1 k 1 shift +0.0; const 19.0 (13s)
  g7 rep 2: fit 50 cal 34 test 15; window cap 60.0 span 1 k 5 shift -2.5; const 15.0 (13s)
  g8 rep 2: fit 53 cal 36 test 10; window cap 60.0 span 1 k 5 shift -2.5; const 16.0 (15s)
NCMAPSS written
