      lam  p_horizon   alpha  method    fail  first_row  inf_level
0   100.0     0.6321  0.3161      CC  0.2770     0.0136     0.0000
1   100.0     0.6321  0.3161   E2_G1  0.1904     0.0172     0.0000
2   100.0     0.6321  0.3161   E2_G4  0.1312     0.0204     0.0000
3   100.0     0.6321  0.3161    IPCW  0.3128     0.0123     0.0000
4   100.0     0.6321  0.3161  ORACLE  0.3145     0.0123     0.0000
5   100.0     0.6321  0.3161      T2  0.0122     0.0941     0.0000
6   200.0     0.2212  0.1106      CC  0.0869     0.0038     0.0000
7   200.0     0.2212  0.1106   E2_G1  0.0610     0.0047     0.0000
8   200.0     0.2212  0.1106   E2_G4  0.0086     0.0130     0.0000
9   200.0     0.2212  0.1106    IPCW  0.1100     0.0032     0.0000
10  200.0     0.2212  0.1106  ORACLE  0.1105     0.0032     0.0000
11  200.0     0.2212  0.1106      T2  0.0032     0.2813     0.0000
12  400.0     0.0606  0.0303      CC  0.0220     0.0011     0.0000
13  400.0     0.0606  0.0303   E2_G1  0.0160     0.0013     0.0000
14  400.0     0.0606  0.0303   E2_G4  0.0013     0.0229     0.0000
15  400.0     0.0606  0.0303    IPCW  0.0289     0.0008     0.0000
16  400.0     0.0606  0.0303  ORACLE  0.0298     0.0008     0.0000
17  400.0     0.0606  0.0303      T2  0.0000     1.0000     1.0000
18  800.0     0.0155  0.0078      CC  0.0046     0.0037     0.0033
19  800.0     0.0155  0.0078   E2_G1  0.0035     0.0012     0.0067
20  800.0     0.0155  0.0078   E2_G4  0.0005     0.1156     0.0267
21  800.0     0.0155  0.0078    IPCW  0.0064     0.0003     0.0067
22  800.0     0.0155  0.0078  ORACLE  0.0071     0.0002     0.0033
23  800.0     0.0155  0.0078      T2  0.0000     1.0000     1.0000
