  cv1 rep 0 (27s)
  cv2 rep 0 (26s)
  cv3 rep 0 (24s)
  cv4 rep 0 (27s)
  cv5 rep 0 (26s)
  g0 rep 0 (25s)
  g1 rep 0 (34s)
  g2 rep 0 (28s)
/home/user/RESS-FInal/code/run2.py:99: RuntimeWarning: Mean of empty slice
  mn = np.nanmean(nt, 0)
  g3 rep 0 (33s)
  g4 rep 0 (25s)
  g5 rep 0 (25s)
  g6 rep 0 (25s)
  g7 rep 0 (25s)
/home/user/RESS-FInal/code/run2.py:99: RuntimeWarning: Mean of empty slice
  mn = np.nanmean(nt, 0)
  g8 rep 0 (25s)
NCMAPSS rep 0 written
  cv1 rep 1 (50s)
  cv2 rep 1 (41s)
  cv3 rep 1 (35s)
  cv4 rep 1 (35s)
  cv5 rep 1 (35s)
  g0 rep 1 (35s)
  g1 rep 1 (34s)
  g2 rep 1 (46s)
/home/user/RESS-FInal/code/run2.py:99: RuntimeWarning: Mean of empty slice
  mn = np.nanmean(nt, 0)
  g3 rep 1 (54s)
  g4 rep 1 (55s)
/home/user/RESS-FInal/code/run2.py:99: RuntimeWarning: Mean of empty slice
  mn = np.nanmean(nt, 0)
  g5 rep 1 (54s)
  g6 rep 1 (53s)
  g7 rep 1 (54s)
/home/user/RESS-FInal/code/run2.py:99: RuntimeWarning: Mean of empty slice
  mn = np.nanmean(nt, 0)
  g8 rep 1 (51s)
NCMAPSS rep 1 written
  cv1 rep 2 (60s)
  cv2 rep 2 (50s)
  cv3 rep 2 (34s)
  cv4 rep 2 (41s)
  cv5 rep 2 (36s)
  g0 rep 2 (35s)
  g1 rep 2 (37s)
  g2 rep 2 (34s)
/home/user/RESS-FInal/code/run2.py:99: RuntimeWarning: Mean of empty slice
  mn = np.nanmean(nt, 0)
  g3 rep 2 (43s)
  g4 rep 2 (73s)
  g5 rep 2 (72s)
  g6 rep 2 (75s)
  g7 rep 2 (72s)
/home/user/RESS-FInal/code/run2.py:99: RuntimeWarning: Mean of empty slice
  mn = np.nanmean(nt, 0)
  g8 rep 2 (43s)
NCMAPSS rep 2 written
