  cv1 GBM 10s
  cv1 RIDGE 10s
  cv1 RF 39s
/usr/local/lib/python3.13/dist-packages/sklearn/neural_network/_multilayer_perceptron.py:785: ConvergenceWarning: Stochastic Optimizer: Maximum iterations (60) reached and the optimization hasn't converged yet.
  warnings.warn(
  cv1 WMLP 48s
  cv1 settings 71s
  cv2 GBM 8s
  cv2 RIDGE 9s
  cv2 RF 39s
/usr/local/lib/python3.13/dist-packages/sklearn/neural_network/_multilayer_perceptron.py:785: ConvergenceWarning: Stochastic Optimizer: Maximum iterations (60) reached and the optimization hasn't converged yet.
  warnings.warn(
  cv2 WMLP 47s
  cv2 settings 70s
  cv3 GBM 9s
  cv3 RIDGE 9s
  cv3 RF 36s
/usr/local/lib/python3.13/dist-packages/sklearn/neural_network/_multilayer_perceptron.py:785: ConvergenceWarning: Stochastic Optimizer: Maximum iterations (60) reached and the optimization hasn't converged yet.
  warnings.warn(
  cv3 WMLP 46s
  cv3 settings 70s
  cv4 GBM 8s
  cv4 RIDGE 8s
  cv4 RF 37s
/usr/local/lib/python3.13/dist-packages/sklearn/neural_network/_multilayer_perceptron.py:785: ConvergenceWarning: Stochastic Optimizer: Maximum iterations (60) reached and the optimization hasn't converged yet.
  warnings.warn(
  cv4 WMLP 46s
  cv4 settings 71s
  cv5 GBM 9s
  cv5 RIDGE 10s
  cv5 RF 38s
/usr/local/lib/python3.13/dist-packages/sklearn/neural_network/_multilayer_perceptron.py:785: ConvergenceWarning: Stochastic Optimizer: Maximum iterations (60) reached and the optimization hasn't converged yet.
  warnings.warn(
  cv5 WMLP 48s
  cv5 settings 68s
written /home/user/RESS-FInal/results/raw5/BATTERY_robust.csv.gz 47601
