  cv1 GBM 10s
  cv1 RIDGE 10s
  cv1 RF 58s
/usr/local/lib/python3.13/dist-packages/sklearn/neural_network/_multilayer_perceptron.py:785: ConvergenceWarning: Stochastic Optimizer: Maximum iterations (60) reached and the optimization hasn't converged yet.
  warnings.warn(
  cv1 WMLP 71s
  cv1 settings 95s
  cv2 GBM 15s
  cv2 RIDGE 16s
  cv2 RF 64s
/usr/local/lib/python3.13/dist-packages/sklearn/neural_network/_multilayer_perceptron.py:785: ConvergenceWarning: Stochastic Optimizer: Maximum iterations (60) reached and the optimization hasn't converged yet.
  warnings.warn(
  cv2 WMLP 73s
  cv2 settings 97s
  cv3 GBM 8s
  cv3 RIDGE 8s
  cv3 RF 50s
/usr/local/lib/python3.13/dist-packages/sklearn/neural_network/_multilayer_perceptron.py:785: ConvergenceWarning: Stochastic Optimizer: Maximum iterations (60) reached and the optimization hasn't converged yet.
  warnings.warn(
  cv3 WMLP 58s
  cv3 settings 81s
  cv4 GBM 8s
  cv4 RIDGE 8s
  cv4 RF 46s
/usr/local/lib/python3.13/dist-packages/sklearn/neural_network/_multilayer_perceptron.py:785: ConvergenceWarning: Stochastic Optimizer: Maximum iterations (60) reached and the optimization hasn't converged yet.
  warnings.warn(
  cv4 WMLP 54s
  cv4 settings 78s
  cv5 GBM 8s
  cv5 RIDGE 8s
  cv5 RF 48s
/usr/local/lib/python3.13/dist-packages/sklearn/neural_network/_multilayer_perceptron.py:785: ConvergenceWarning: Stochastic Optimizer: Maximum iterations (60) reached and the optimization hasn't converged yet.
  warnings.warn(
  cv5 WMLP 56s
  cv5 settings 79s
written /home/user/RESS-FInal/results/raw5/FD003_robust.csv.gz 38700
