/usr/local/lib/python3.13/dist-packages/sklearn/neural_network/_multilayer_perceptron.py:785: ConvergenceWarning: Stochastic Optimizer: Maximum iterations (60) reached and the optimization hasn't converged yet.
  warnings.warn(
  cv1 rep 0 103s
Terminated
lib/python3.13/dist-packages/sklearn/neural_network/_multilayer_perceptron.py:785: ConvergenceWarning: Stochastic Optimizer: Maximum iterations (60) reached and the optimization hasn't converged yet.
  warnings.warn(
  cv2 rep 0 94s
  cv3 rep 0 100s
  cv4 rep 0 92s
  cv5 rep 0 91s
PHM08 rep 0 written
  cv1 rep 1 9s
  cv2 rep 1 9s
  cv3 rep 1 9s
  cv4 rep 1 9s
  cv5 rep 1 9s
PHM08 rep 1 written
  cv1 rep 2 9s
  cv2 rep 2 9s
  cv3 rep 2 9s
  cv4 rep 2 9s
  cv5 rep 2 9s
PHM08 rep 2 written
